01:41:28 **** Incremental Build of configuration Debug for project FinalProject_Soares ****
make -j8 all 
arm-none-eabi-size  FinalProject_Soares.elf 
   text	   data	    bss	    dec	    hex	filename
  50728	   1948	   5740	  58416	   e430	FinalProject_Soares.elf
Finished building: default.size.stdout
 
01:42:32 **** Incremental Build of configuration Debug for project FinalProject_Soares ****
make -j8 all 
arm-none-eabi-size  FinalProject_Soares.elf 
   text	   data	    bss	    dec	    hex	filename
  50728	   1948	   5740	  58416	   e430	FinalProject_Soares.elf
Finished building: default.size.stdout
 
01:47:49 **** Build of configuration Debug for project Machine_Failure ****
make -j8 all 
arm-none-eabi-size  Machine_Failure.elf 
   text	   data	    bss	    dec	    hex	filename
  50728	   1948	   5740	  58416	   e430	Machine_Failure.elf
Finished building: default.size.stdout
 
01:51:00 **** Incremental Build of configuration Debug for project Machine_Failure ****
make -j8 all 
arm-none-eabi-size  Machine_Failure.elf 
   text	   data	    bss	    dec	    hex	filename
  50728	   1948	   5740	  58416	   e430	Machine_Failure.elf
Finished building: default.size.stdout
 
